// Vitest Snapshot v1

exports[`define loot table > returns a valid loot table object 1`] = `
{
  "pools": [
    {
      "entries": {
        "name": "test:table",
        "type": "item",
        "weight": 1,
      },
      "rolls": 1,
    },
  ],
}
`;
